Prism Launcher version: 11.0.0 (official)


Launched instance in online mode

login.microsoftonline.com resolves to:
    [2603:1046:2000:60::e, 2603:1046:2000:60::11, 2603:1046:2000:60::f, 2603:1046:2000:60::9, 2603:1046:2000:60::c, 2603:1046:2000:60::10, 2603:1046:2000:60::12, 2603:1046:2000:60::13, 20.190.145.140, 40.126.17.135, 20.190.145.141, 20.190.145.160, 40.126.17.131, 40.126.17.133, 40.126.17.132, 20.190.145.143]


session.minecraft.net resolves to:
    [2603:1061:14:150::1, 150.171.110.85]


textures.minecraft.net resolves to:
    [2603:1061:14:150::1, 150.171.110.81]


api.mojang.com resolves to:
    [2603:1061:14:151::1, 150.171.110.86]


Minecraft folder is:
C:/Users/********/AppData/Roaming/PrismLauncher/instances/1.21.5/minecraft


Java path is:
C:/Users/********/AppData/Roaming/PrismLauncher/java/java-runtime-delta/bin/javaw.exe


Java is version 21.0.7, using 64 (amd64) architecture, from Microsoft.


Main Class:
  net.fabricmc.loader.impl.launch.knot.KnotClient

Native path:
  C:/Users/********/AppData/Roaming/PrismLauncher/instances/1.21.5/natives

Traits:
  FirstThreadOnMacOS
  feature:is_quick_play_singleplayer
  XR:Initial
  feature:is_quick_play_multiplayer

Libraries:
  C:/Users/********/AppData/Roaming/PrismLauncher/libraries/org/lwjgl/lwjgl-freetype-natives-windows-arm64/3.3.3/lwjgl-freetype-natives-windows-arm64-3.3.3.jar
  C:/Users/********/AppData/Roaming/PrismLauncher/libraries/org/lwjgl/lwjgl-freetype-natives-windows-x86/3.3.3/lwjgl-freetype-natives-windows-x86-3.3.3.jar
  C:/Users/********/AppData/Roaming/PrismLauncher/libraries/org/lwjgl/lwjgl-freetype-natives-windows/3.3.3/lwjgl-freetype-natives-windows-3.3.3.jar
  C:/Users/********/AppData/Roaming/PrismLauncher/libraries/org/lwjgl/lwjgl-freetype/3.3.3/lwjgl-freetype-3.3.3.jar
  C:/Users/********/AppData/Roaming/PrismLauncher/libraries/org/lwjgl/lwjgl-glfw-natives-windows-arm64/3.3.3/lwjgl-glfw-natives-windows-arm64-3.3.3.jar
  C:/Users/********/AppData/Roaming/PrismLauncher/libraries/org/lwjgl/lwjgl-glfw-natives-windows-x86/3.3.3/lwjgl-glfw-natives-windows-x86-3.3.3.jar
  C:/Users/********/AppData/Roaming/PrismLauncher/libraries/org/lwjgl/lwjgl-glfw-natives-windows/3.3.3/lwjgl-glfw-natives-windows-3.3.3.jar
  C:/Users/********/AppData/Roaming/PrismLauncher/libraries/org/lwjgl/lwjgl-glfw/3.3.3/lwjgl-glfw-3.3.3.jar
  C:/Users/********/AppData/Roaming/PrismLauncher/libraries/org/lwjgl/lwjgl-jemalloc-natives-windows-arm64/3.3.3/lwjgl-jemalloc-natives-windows-arm64-3.3.3.jar
  C:/Users/********/AppData/Roaming/PrismLauncher/libraries/org/lwjgl/lwjgl-jemalloc-natives-windows-x86/3.3.3/lwjgl-jemalloc-natives-windows-x86-3.3.3.jar
  C:/Users/********/AppData/Roaming/PrismLauncher/libraries/org/lwjgl/lwjgl-jemalloc-natives-windows/3.3.3/lwjgl-jemalloc-natives-windows-3.3.3.jar
  C:/Users/********/AppData/Roaming/PrismLauncher/libraries/org/lwjgl/lwjgl-jemalloc/3.3.3/lwjgl-jemalloc-3.3.3.jar
  C:/Users/********/AppData/Roaming/PrismLauncher/libraries/org/lwjgl/lwjgl-natives-windows-arm64/3.3.3/lwjgl-natives-windows-arm64-3.3.3.jar
  C:/Users/********/AppData/Roaming/PrismLauncher/libraries/org/lwjgl/lwjgl-natives-windows-x86/3.3.3/lwjgl-natives-windows-x86-3.3.3.jar
  C:/Users/********/AppData/Roaming/PrismLauncher/libraries/org/lwjgl/lwjgl-natives-windows/3.3.3/lwjgl-natives-windows-3.3.3.jar
  C:/Users/********/AppData/Roaming/PrismLauncher/libraries/org/lwjgl/lwjgl-openal-natives-windows-arm64/3.3.3/lwjgl-openal-natives-windows-arm64-3.3.3.jar
  C:/Users/********/AppData/Roaming/PrismLauncher/libraries/org/lwjgl/lwjgl-openal-natives-windows-x86/3.3.3/lwjgl-openal-natives-windows-x86-3.3.3.jar
  C:/Users/********/AppData/Roaming/PrismLauncher/libraries/org/lwjgl/lwjgl-openal-natives-windows/3.3.3/lwjgl-openal-natives-windows-3.3.3.jar
  C:/Users/********/AppData/Roaming/PrismLauncher/libraries/org/lwjgl/lwjgl-openal/3.3.3/lwjgl-openal-3.3.3.jar
  C:/Users/********/AppData/Roaming/PrismLauncher/libraries/org/lwjgl/lwjgl-opengl-natives-windows-arm64/3.3.3/lwjgl-opengl-natives-windows-arm64-3.3.3.jar
  C:/Users/********/AppData/Roaming/PrismLauncher/libraries/org/lwjgl/lwjgl-opengl-natives-windows-x86/3.3.3/lwjgl-opengl-natives-windows-x86-3.3.3.jar
  C:/Users/********/AppData/Roaming/PrismLauncher/libraries/org/lwjgl/lwjgl-opengl-natives-windows/3.3.3/lwjgl-opengl-natives-windows-3.3.3.jar
  C:/Users/********/AppData/Roaming/PrismLauncher/libraries/org/lwjgl/lwjgl-opengl/3.3.3/lwjgl-opengl-3.3.3.jar
  C:/Users/********/AppData/Roaming/PrismLauncher/libraries/org/lwjgl/lwjgl-stb-natives-windows-arm64/3.3.3/lwjgl-stb-natives-windows-arm64-3.3.3.jar
  C:/Users/********/AppData/Roaming/PrismLauncher/libraries/org/lwjgl/lwjgl-stb-natives-windows-x86/3.3.3/lwjgl-stb-natives-windows-x86-3.3.3.jar
  C:/Users/********/AppData/Roaming/PrismLauncher/libraries/org/lwjgl/lwjgl-stb-natives-windows/3.3.3/lwjgl-stb-natives-windows-3.3.3.jar
  C:/Users/********/AppData/Roaming/PrismLauncher/libraries/org/lwjgl/lwjgl-stb/3.3.3/lwjgl-stb-3.3.3.jar
  C:/Users/********/AppData/Roaming/PrismLauncher/libraries/org/lwjgl/lwjgl-tinyfd-natives-windows-arm64/3.3.3/lwjgl-tinyfd-natives-windows-arm64-3.3.3.jar
  C:/Users/********/AppData/Roaming/PrismLauncher/libraries/org/lwjgl/lwjgl-tinyfd-natives-windows-x86/3.3.3/lwjgl-tinyfd-natives-windows-x86-3.3.3.jar
  C:/Users/********/AppData/Roaming/PrismLauncher/libraries/org/lwjgl/lwjgl-tinyfd-natives-windows/3.3.3/lwjgl-tinyfd-natives-windows-3.3.3.jar
  C:/Users/********/AppData/Roaming/PrismLauncher/libraries/org/lwjgl/lwjgl-tinyfd/3.3.3/lwjgl-tinyfd-3.3.3.jar
  C:/Users/********/AppData/Roaming/PrismLauncher/libraries/org/lwjgl/lwjgl/3.3.3/lwjgl-3.3.3.jar
  C:/Users/********/AppData/Roaming/PrismLauncher/libraries/com/fasterxml/jackson/core/jackson-annotations/2.13.4/jackson-annotations-2.13.4.jar
  C:/Users/********/AppData/Roaming/PrismLauncher/libraries/com/fasterxml/jackson/core/jackson-core/2.13.4/jackson-core-2.13.4.jar
  C:/Users/********/AppData/Roaming/PrismLauncher/libraries/com/fasterxml/jackson/core/jackson-databind/2.13.4.2/jackson-databind-2.13.4.2.jar
  C:/Users/********/AppData/Roaming/PrismLauncher/libraries/com/github/oshi/oshi-core/6.6.5/oshi-core-6.6.5.jar
  C:/Users/********/AppData/Roaming/PrismLauncher/libraries/com/github/stephenc/jcip/jcip-annotations/1.0-1/jcip-annotations-1.0-1.jar
  C:/Users/********/AppData/Roaming/PrismLauncher/libraries/com/google/code/gson/gson/2.11.0/gson-2.11.0.jar
  C:/Users/********/AppData/Roaming/PrismLauncher/libraries/com/google/guava/failureaccess/1.0.2/failureaccess-1.0.2.jar
  C:/Users/********/AppData/Roaming/PrismLauncher/libraries/com/google/guava/guava/33.3.1-jre/guava-33.3.1-jre.jar
  C:/Users/********/AppData/Roaming/PrismLauncher/libraries/com/ibm/icu/icu4j/76.1/icu4j-76.1.jar
  C:/Users/********/AppData/Roaming/PrismLauncher/libraries/com/microsoft/azure/msal4j/1.17.2/msal4j-1.17.2.jar
  C:/Users/********/AppData/Roaming/PrismLauncher/libraries/com/mojang/authlib/6.0.58/authlib-6.0.58.jar
  C:/Users/********/AppData/Roaming/PrismLauncher/libraries/com/mojang/blocklist/1.0.10/blocklist-1.0.10.jar
  C:/Users/********/AppData/Roaming/PrismLauncher/libraries/com/mojang/brigadier/1.3.10/brigadier-1.3.10.jar
  C:/Users/********/AppData/Roaming/PrismLauncher/libraries/com/mojang/datafixerupper/8.0.16/datafixerupper-8.0.16.jar
  C:/Users/********/AppData/Roaming/PrismLauncher/libraries/com/mojang/jtracy/1.0.29/jtracy-1.0.29.jar
  C:/Users/********/AppData/Roaming/PrismLauncher/libraries/com/mojang/jtracy-natives-windows/1.0.29/jtracy-natives-windows-1.0.29.jar
  C:/Users/********/AppData/Roaming/PrismLauncher/libraries/com/mojang/logging/1.5.10/logging-1.5.10.jar
  C:/Users/********/AppData/Roaming/PrismLauncher/libraries/com/mojang/patchy/2.2.10/patchy-2.2.10.jar
  C:/Users/********/AppData/Roaming/PrismLauncher/libraries/com/mojang/text2speech/1.18.11/text2speech-1.18.11.jar
  C:/Users/********/AppData/Roaming/PrismLauncher/libraries/com/nimbusds/content-type/2.3/content-type-2.3.jar
  C:/Users/********/AppData/Roaming/PrismLauncher/libraries/com/nimbusds/lang-tag/1.7/lang-tag-1.7.jar
  C:/Users/********/AppData/Roaming/PrismLauncher/libraries/com/nimbusds/nimbus-jose-jwt/9.40/nimbus-jose-jwt-9.40.jar
  C:/Users/********/AppData/Roaming/PrismLauncher/libraries/com/nimbusds/oauth2-oidc-sdk/11.18/oauth2-oidc-sdk-11.18.jar
  C:/Users/********/AppData/Roaming/PrismLauncher/libraries/commons-codec/commons-codec/1.17.1/commons-codec-1.17.1.jar
  C:/Users/********/AppData/Roaming/PrismLauncher/libraries/commons-io/commons-io/2.17.0/commons-io-2.17.0.jar
  C:/Users/********/AppData/Roaming/PrismLauncher/libraries/commons-logging/commons-logging/1.3.4/commons-logging-1.3.4.jar
  C:/Users/********/AppData/Roaming/PrismLauncher/libraries/io/netty/netty-buffer/4.1.118.Final/netty-buffer-4.1.118.Final.jar
  C:/Users/********/AppData/Roaming/PrismLauncher/libraries/io/netty/netty-codec/4.1.118.Final/netty-codec-4.1.118.Final.jar
  C:/Users/********/AppData/Roaming/PrismLauncher/libraries/io/netty/netty-common/4.1.118.Final/netty-common-4.1.118.Final.jar
  C:/Users/********/AppData/Roaming/PrismLauncher/libraries/io/netty/netty-handler/4.1.118.Final/netty-handler-4.1.118.Final.jar
  C:/Users/********/AppData/Roaming/PrismLauncher/libraries/io/netty/netty-resolver/4.1.118.Final/netty-resolver-4.1.118.Final.jar
  C:/Users/********/AppData/Roaming/PrismLauncher/libraries/io/netty/netty-transport-classes-epoll/4.1.118.Final/netty-transport-classes-epoll-4.1.118.Final.jar
  C:/Users/********/AppData/Roaming/PrismLauncher/libraries/io/netty/netty-transport-native-unix-common/4.1.118.Final/netty-transport-native-unix-common-4.1.118.Final.jar
  C:/Users/********/AppData/Roaming/PrismLauncher/libraries/io/netty/netty-transport/4.1.118.Final/netty-transport-4.1.118.Final.jar
  C:/Users/********/AppData/Roaming/PrismLauncher/libraries/it/unimi/dsi/fastutil/8.5.15/fastutil-8.5.15.jar
  C:/Users/********/AppData/Roaming/PrismLauncher/libraries/net/java/dev/jna/jna-platform/5.15.0/jna-platform-5.15.0.jar
  C:/Users/********/AppData/Roaming/PrismLauncher/libraries/net/java/dev/jna/jna/5.15.0/jna-5.15.0.jar
  C:/Users/********/AppData/Roaming/PrismLauncher/libraries/net/minidev/accessors-smart/2.5.1/accessors-smart-2.5.1.jar
  C:/Users/********/AppData/Roaming/PrismLauncher/libraries/net/minidev/json-smart/2.5.1/json-smart-2.5.1.jar
  C:/Users/********/AppData/Roaming/PrismLauncher/libraries/net/sf/jopt-simple/jopt-simple/5.0.4/jopt-simple-5.0.4.jar
  C:/Users/********/AppData/Roaming/PrismLauncher/libraries/org/apache/commons/commons-compress/1.27.1/commons-compress-1.27.1.jar
  C:/Users/********/AppData/Roaming/PrismLauncher/libraries/org/apache/commons/commons-lang3/3.17.0/commons-lang3-3.17.0.jar
  C:/Users/********/AppData/Roaming/PrismLauncher/libraries/org/apache/httpcomponents/httpclient/4.5.14/httpclient-4.5.14.jar
  C:/Users/********/AppData/Roaming/PrismLauncher/libraries/org/apache/httpcomponents/httpcore/4.4.16/httpcore-4.4.16.jar
  C:/Users/********/AppData/Roaming/PrismLauncher/libraries/org/apache/logging/log4j/log4j-api/2.24.1/log4j-api-2.24.1.jar
  C:/Users/********/AppData/Roaming/PrismLauncher/libraries/org/apache/logging/log4j/log4j-core/2.24.1/log4j-core-2.24.1.jar
  C:/Users/********/AppData/Roaming/PrismLauncher/libraries/org/apache/logging/log4j/log4j-slf4j2-impl/2.24.1/log4j-slf4j2-impl-2.24.1.jar
  C:/Users/********/AppData/Roaming/PrismLauncher/libraries/org/jcraft/jorbis/0.0.17/jorbis-0.0.17.jar
  C:/Users/********/AppData/Roaming/PrismLauncher/libraries/org/joml/joml/1.10.8/joml-1.10.8.jar
  C:/Users/********/AppData/Roaming/PrismLauncher/libraries/org/lz4/lz4-java/1.8.0/lz4-java-1.8.0.jar
  C:/Users/********/AppData/Roaming/PrismLauncher/libraries/org/ow2/asm/asm/9.9/asm-9.9.jar
  C:/Users/********/AppData/Roaming/PrismLauncher/libraries/org/slf4j/slf4j-api/2.0.16/slf4j-api-2.0.16.jar
  C:/Users/********/AppData/Roaming/PrismLauncher/libraries/net/fabricmc/intermediary/1.21.5/intermediary-1.21.5.jar
  C:/Users/********/AppData/Roaming/PrismLauncher/libraries/org/ow2/asm/asm-analysis/9.9/asm-analysis-9.9.jar
  C:/Users/********/AppData/Roaming/PrismLauncher/libraries/org/ow2/asm/asm-commons/9.9/asm-commons-9.9.jar
  C:/Users/********/AppData/Roaming/PrismLauncher/libraries/org/ow2/asm/asm-tree/9.9/asm-tree-9.9.jar
  C:/Users/********/AppData/Roaming/PrismLauncher/libraries/org/ow2/asm/asm-util/9.9/asm-util-9.9.jar
  C:/Users/********/AppData/Roaming/PrismLauncher/libraries/net/fabricmc/sponge-mixin/0.17.2+mixin.0.8.7/sponge-mixin-0.17.2+mixin.0.8.7.jar
  C:/Users/********/AppData/Roaming/PrismLauncher/libraries/net/fabricmc/fabric-loader/0.19.2/fabric-loader-0.19.2.jar
  C:/Users/********/AppData/Roaming/PrismLauncher/libraries/com/mojang/minecraft/1.21.5/minecraft-1.21.5-client.jar

Native libraries:

Mods:
  [✔] bobby-5.2.7+mc1.21.5
  [✔] BorderlessWindowedVulkan-1.0.0+1.21.5
  [✔] cloth-config-18.0.145-fabric
  [✔] fabric-api-0.128.2+1.21.5
  [✔] ferritecore-8.0.4-fabric
  [✔] modmenu-14.0.2
  [✔] placeholder-api-2.6.4+1.21.5
  [✔] vulkanbobby-0.1.0
  [✔] VulkanMod_1.21.5-0.5.6
  [✔] vulkanmod-extra-0.2.0-beta7+1.21.5
  [✔] xmusic-fabric-1.0.0-1.21.5
  [✔] yet_another_config_lib_v3-3.8.2+1.21.5-fabric

Params:
  --username  --version 1.21.5 --gameDir C:/Users/********/AppData/Roaming/PrismLauncher/instances/1.21.5/minecraft --assetsDir C:/Users/********/AppData/Roaming/PrismLauncher/assets --assetIndex 24 --uuid  --accessToken  --userType  --versionType release

Window size: 854 x 480

Launcher: standard

Java Arguments:
[-Duser.language=en, -XX:HeapDumpPath=MojangTricksIntelDriversForPerformance_javaw.exe_minecraft.exe.heapdump, -Xms512m, -Xmx4096m]


Minecraft process ID: 5976


[05:00:07] [main/INFO]: Loading Minecraft 1.21.5 with Fabric Loader 0.19.2
[05:00:08] [main/INFO]: Loading 89 mods:
	- bobby 5.2.7+mc1.21.5
	   |-- com_typesafe_config 1.4.2
	   |-- fabric-api-base 0.4.62+73a52b4b49
	   |-- fabric-command-api-v2 2.2.49+73a52b4b49
	   |-- io_leangen_geantyref_geantyref 1.3.13
	   |-- org_spongepowered_configurate-core 4.1.2
	   \-- org_spongepowered_configurate-hocon 4.1.2
	- borderless_windowed_vulkan 1.0.0+1.21.5
	- cloth-config 18.0.145
	   \-- cloth-basic-math 0.6.1
	- fabric-api 0.128.2+1.21.5
	   |-- fabric-api-lookup-api-v1 1.6.96+86c3a9f149
	   |-- fabric-biome-api-v1 16.0.7+2dd063df49
	   |-- fabric-block-api-v1 1.1.0+ed91556f49
	   |-- fabric-block-view-api-v2 1.0.26+aa6d566c49
	   |-- fabric-blockrenderlayer-v1 2.0.16+86c3a9f149
	   |-- fabric-client-tags-api-v1 1.1.37+86c3a9f149
	   |-- fabric-command-api-v1 1.2.70+f71b366f49
	   |-- fabric-commands-v0 0.2.87+df3654b349
	   |-- fabric-content-registries-v0 10.0.14+3e6c1f7d49
	   |-- fabric-convention-tags-v1 2.1.33+7f945d5b49
	   |-- fabric-convention-tags-v2 2.15.2+6d9989f349
	   |-- fabric-crash-report-info-v1 0.3.12+86c3a9f149
	   |-- fabric-data-attachment-api-v1 1.8.5+6d9989f349
	   |-- fabric-data-generation-api-v1 22.5.2+a0fab30c49
	   |-- fabric-dimensions-v1 4.0.17+3e6c1f7d49
	   |-- fabric-entity-events-v1 2.1.0+3ce7866349
	   |-- fabric-events-interaction-v0 4.0.15+64e3057949
	   |-- fabric-game-rule-api-v1 1.0.70+c327076a49
	   |-- fabric-item-api-v1 11.5.0+0620fe4749
	   |-- fabric-item-group-api-v1 4.2.9+3459fc6149
	   |-- fabric-key-binding-api-v1 1.0.63+ecf51cdc49
	   |-- fabric-keybindings-v0 0.2.61+df3654b349
	   |-- fabric-lifecycle-events-v1 2.6.0+230071a049
	   |-- fabric-loot-api-v2 3.0.48+3f89f5a549
	   |-- fabric-loot-api-v3 1.0.36+86c3a9f149
	   |-- fabric-message-api-v1 6.1.0+fe971bba49
	   |-- fabric-model-loading-api-v1 5.2.3+5281b90749
	   |-- fabric-networking-api-v1 4.5.0+775be32c49
	   |-- fabric-object-builder-api-v1 21.1.2+b8d6ba7049
	   |-- fabric-particles-v1 4.1.2+112e550e49
	   |-- fabric-recipe-api-v1 8.1.8+3235ab3249
	   |-- fabric-registry-sync-v0 6.1.22+cd64004349
	   |-- fabric-renderer-api-v1 6.1.2+bdf4842249
	   |-- fabric-renderer-indigo 3.1.2+5281b90749
	   |-- fabric-rendering-data-attachment-v1 0.3.64+73761d2e49
	   |-- fabric-rendering-fluids-v1 3.1.27+86c3a9f149
	   |-- fabric-rendering-v1 11.3.0+a272b33849
	   |-- fabric-resource-conditions-api-v1 5.0.21+73a52b4b49
	   |-- fabric-resource-loader-v0 3.1.7+847e5f5c49
	   |-- fabric-screen-api-v1 2.0.46+86c3a9f149
	   |-- fabric-screen-handler-api-v1 1.3.129+c327076a49
	   |-- fabric-sound-api-v1 1.0.38+86c3a9f149
	   |-- fabric-tag-api-v1 1.0.17+ecf51cdc49
	   |-- fabric-transfer-api-v1 5.4.24+7b20cbb049
	   \-- fabric-transitive-access-wideners-v1 6.3.17+f17a180c49
	- fabricloader 0.19.2
	   \-- mixinextras 0.5.4
	- ferritecore 8.0.4
	- java 21
	- minecraft 1.21.5
	- modmenu 14.0.2
	   \-- fabric-api-base 0.4.62+73a52b4b49
	- placeholder-api 2.6.4+1.21.5
	- vulkanbobby 0.1.0
	- vulkanmod 0.5.6
	   |-- org_lwjgl_lwjgl-shaderc 3.3.3
	   |-- org_lwjgl_lwjgl-shaderc_natives-linux 3.3.3
	   |-- org_lwjgl_lwjgl-shaderc_natives-macos 3.3.3
	   |-- org_lwjgl_lwjgl-shaderc_natives-macos-arm64 3.3.3
	   |-- org_lwjgl_lwjgl-shaderc_natives-windows 3.3.3
	   |-- org_lwjgl_lwjgl-vma 3.3.3
	   |-- org_lwjgl_lwjgl-vma_natives-linux 3.3.3
	   |-- org_lwjgl_lwjgl-vma_natives-macos 3.3.3
	   |-- org_lwjgl_lwjgl-vma_natives-macos-arm64 3.3.3
	   |-- org_lwjgl_lwjgl-vma_natives-windows 3.3.3
	   |-- org_lwjgl_lwjgl-vulkan 3.3.3
	   |-- org_lwjgl_lwjgl-vulkan_natives-macos 3.3.3
	   \-- org_lwjgl_lwjgl-vulkan_natives-macos-arm64 3.3.3
	- vulkanmod-extra 0.2.0-beta7+1.21.5
	- xmusic 1.0.0
	- yet_another_config_lib_v3 3.8.2+1.21.5-fabric
	   |-- com_twelvemonkeys_common_common-image 3.12.0
	   |-- com_twelvemonkeys_common_common-io 3.12.0
	   |-- com_twelvemonkeys_common_common-lang 3.12.0
	   |-- com_twelvemonkeys_imageio_imageio-core 3.12.0
	   |-- com_twelvemonkeys_imageio_imageio-metadata 3.12.0
	   |-- com_twelvemonkeys_imageio_imageio-webp 3.12.0
	   |-- org_quiltmc_parsers_gson 0.2.1
	   \-- org_quiltmc_parsers_json 0.2.1
[05:00:09] [main/INFO]: SpongePowered MIXIN Subsystem Version=0.8.7 Source=file:/C:/Users/********/AppData/Roaming/PrismLauncher/libraries/net/fabricmc/sponge-mixin/0.17.2+mixin.0.8.7/sponge-mixin-0.17.2+mixin.0.8.7.jar Service=Knot/Fabric Env=CLIENT
[05:00:09] [main/INFO]: Compatibility level set to JAVA_21
[05:00:10] [main/WARN]: Reference map 'xmusic.mixins-refmap.json' for xmusic.mixins.json could not be read. If this is a development environment you can ignore this message
[05:00:10] [main/WARN]: Reference map 'yet_another_config_lib_v3.refmap.json' for yacl.mixins.json could not be read. If this is a development environment you can ignore this message
[05:00:10] [main/WARN]: Reference map 'yet_another_config_lib_v3.refmap.json' for yacl-fabric.mixins.json could not be read. If this is a development environment you can ignore this message
[05:00:16] [main/INFO]: Initializing MixinExtras via com.llamalad7.mixinextras.service.MixinExtrasServiceImpl(version=0.5.4).
[05:00:29] [Datafixer Bootstrap/INFO]: 263 Datafixer optimizations took 9694 milliseconds
[05:00:43] [Render thread/ERROR]: Mixin apply for mod xmusic failed xmusic.client.mixins.json:PauseScreenMixin from mod xmusic -> net.minecraft.class_433: org.spongepowered.asm.mixin.injection.throwables.InvalidInjectionException Critical injection failure: @Inject annotation on onMouseClicked could not find any targets matching 'Lnet/minecraft/class_433;method_25402(DDI)Z' in net/minecraft/class_433. Using refmap xmusic.client.mixins-refmap.json [INJECT_PREPARE_LEGACY Applicator Phase -> xmusic.client.mixins.json:PauseScreenMixin from mod xmusic -> Prepare Legacy Injections -> handler$bea000$xmusic$onMouseClicked(DDILorg/spongepowered/asm/mixin/injection/callback/CallbackInfo;)V -> Parse ->  -> Validate Targets]
org.spongepowered.asm.mixin.injection.throwables.InvalidInjectionException: Critical injection failure: @Inject annotation on onMouseClicked could not find any targets matching 'Lnet/minecraft/class_433;method_25402(DDI)Z' in net/minecraft/class_433. Using refmap xmusic.client.mixins-refmap.json [INJECT_PREPARE_LEGACY Applicator Phase -> xmusic.client.mixins.json:PauseScreenMixin from mod xmusic -> Prepare Legacy Injections -> handler$bea000$xmusic$onMouseClicked(DDILorg/spongepowered/asm/mixin/injection/callback/CallbackInfo;)V -> Parse ->  -> Validate Targets]
	at org.spongepowered.asm.mixin.injection.selectors.TargetSelectors.validate(TargetSelectors.java:346) ~[sponge-mixin-0.17.2+mixin.0.8.7.jar:0.17.2+mixin.0.8.7]
	at org.spongepowered.asm.mixin.injection.struct.InjectionInfo.readAnnotation(InjectionInfo.java:369) ~[sponge-mixin-0.17.2+mixin.0.8.7.jar:0.17.2+mixin.0.8.7]
	at org.spongepowered.asm.mixin.injection.struct.InjectionInfo.<init>(InjectionInfo.java:340) ~[sponge-mixin-0.17.2+mixin.0.8.7.jar:0.17.2+mixin.0.8.7]
	at org.spongepowered.asm.mixin.injection.struct.InjectionInfo.<init>(InjectionInfo.java:331) ~[sponge-mixin-0.17.2+mixin.0.8.7.jar:0.17.2+mixin.0.8.7]
	at org.spongepowered.asm.mixin.injection.struct.CallbackInjectionInfo.<init>(CallbackInjectionInfo.java:48) ~[sponge-mixin-0.17.2+mixin.0.8.7.jar:0.17.2+mixin.0.8.7]
	at java.base/jdk.internal.reflect.DirectConstructorHandleAccessor.newInstance(DirectConstructorHandleAccessor.java:62) ~[?:?]
	at java.base/java.lang.reflect.Constructor.newInstanceWithCaller(Constructor.java:502) ~[?:?]
	at java.base/java.lang.reflect.Constructor.newInstance(Constructor.java:486) ~[?:?]
	at org.spongepowered.asm.mixin.injection.struct.InjectionInfo$InjectorEntry.create(InjectionInfo.java:196) ~[sponge-mixin-0.17.2+mixin.0.8.7.jar:0.17.2+mixin.0.8.7]
	at org.spongepowered.asm.mixin.injection.struct.InjectionInfo.parse(InjectionInfo.java:664) ~[sponge-mixin-0.17.2+mixin.0.8.7.jar:0.17.2+mixin.0.8.7]
	at org.spongepowered.asm.mixin.transformer.MixinTargetContext.prepareInjections(MixinTargetContext.java:1386) ~[sponge-mixin-0.17.2+mixin.0.8.7.jar:0.17.2+mixin.0.8.7]
	at org.spongepowered.asm.mixin.transformer.MixinApplicatorStandard.prepareInjections(MixinApplicatorStandard.java:811) ~[sponge-mixin-0.17.2+mixin.0.8.7.jar:0.17.2+mixin.0.8.7]
	at org.spongepowered.asm.mixin.transformer.MixinApplicatorStandard.lambda$runApplicatorPass$3(MixinApplicatorStandard.java:323) ~[sponge-mixin-0.17.2+mixin.0.8.7.jar:0.17.2+mixin.0.8.7]
	at org.spongepowered.asm.mixin.transformer.MixinApplicatorStandard.processMixins(MixinApplicatorStandard.java:381) ~[sponge-mixin-0.17.2+mixin.0.8.7.jar:0.17.2+mixin.0.8.7]
	at org.spongepowered.asm.mixin.transformer.MixinApplicatorStandard.runApplicatorPass(MixinApplicatorStandard.java:320) ~[sponge-mixin-0.17.2+mixin.0.8.7.jar:0.17.2+mixin.0.8.7]
	at org.spongepowered.asm.mixin.transformer.MixinApplicatorStandard.apply(MixinApplicatorStandard.java:240) ~[sponge-mixin-0.17.2+mixin.0.8.7.jar:0.17.2+mixin.0.8.7]
	at org.spongepowered.asm.mixin.transformer.TargetClassContext.apply(TargetClassContext.java:437) ~[sponge-mixin-0.17.2+mixin.0.8.7.jar:0.17.2+mixin.0.8.7]
	at org.spongepowered.asm.mixin.transformer.TargetClassContext.applyMixins(TargetClassContext.java:418) ~[sponge-mixin-0.17.2+mixin.0.8.7.jar:0.17.2+mixin.0.8.7]
	at org.spongepowered.asm.mixin.transformer.MixinProcessor.applyMixins(MixinProcessor.java:351) [sponge-mixin-0.17.2+mixin.0.8.7.jar:0.17.2+mixin.0.8.7]
	at org.spongepowered.asm.mixin.transformer.MixinTransformer.transformClass(MixinTransformer.java:237) [sponge-mixin-0.17.2+mixin.0.8.7.jar:0.17.2+mixin.0.8.7]
	at org.spongepowered.asm.mixin.transformer.MixinTransformer.transformClassBytes(MixinTransformer.java:202) [sponge-mixin-0.17.2+mixin.0.8.7.jar:0.17.2+mixin.0.8.7]
	at net.fabricmc.loader.impl.launch.knot.KnotClassDelegate.getPostMixinClassByteArray(KnotClassDelegate.java:435) [fabric-loader-0.19.2.jar:?]
	at net.fabricmc.loader.impl.launch.knot.KnotClassDelegate.tryLoadClass(KnotClassDelegate.java:336) [fabric-loader-0.19.2.jar:?]
	at net.fabricmc.loader.impl.launch.knot.KnotClassDelegate.loadClass(KnotClassDelegate.java:231) [fabric-loader-0.19.2.jar:?]
	at net.fabricmc.loader.impl.launch.knot.KnotClassLoader.loadClass(KnotClassLoader.java:119) [fabric-loader-0.19.2.jar:?]
	at java.base/java.lang.ClassLoader.loadClass(ClassLoader.java:526) [?:?]
	at knot/net.minecraft.client.main.Main.main(Main.java:249) [client-intermediary.jar:?]
	at net.fabricmc.loader.impl.game.minecraft.MinecraftGameProvider.launch(MinecraftGameProvider.java:514) [fabric-loader-0.19.2.jar:?]
	at net.fabricmc.loader.impl.launch.knot.Knot.launch(Knot.java:72) [fabric-loader-0.19.2.jar:?]
	at net.fabricmc.loader.impl.launch.knot.KnotClient.main(KnotClient.java:23) [fabric-loader-0.19.2.jar:?]
	at org.prismlauncher.launcher.impl.StandardLauncher.launch(StandardLauncher.java:115) [NewLaunch.jar:?]
	at org.prismlauncher.EntryPoint.listen(EntryPoint.java:129) [NewLaunch.jar:?]
	at org.prismlauncher.EntryPoint.main(EntryPoint.java:70) [NewLaunch.jar:?]
[05:00:43] [Render thread/ERROR]: Mixin apply for mod xmusic failed xmusic.client.mixins.json:PauseScreenMixin from mod xmusic -> net.minecraft.class_433: org.spongepowered.asm.mixin.injection.throwables.InvalidInjectionException Critical injection failure: @Inject annotation on onMouseClicked could not find any targets matching 'Lnet/minecraft/class_433;method_25402(DDI)Z' in net/minecraft/class_433. Using refmap xmusic.client.mixins-refmap.json [INJECT_PREPARE_LEGACY Applicator Phase -> xmusic.client.mixins.json:PauseScreenMixin from mod xmusic -> Prepare Legacy Injections -> handler$bea000$xmusic$onMouseClicked(DDILorg/spongepowered/asm/mixin/injection/callback/CallbackInfo;)V -> Parse ->  -> Validate Targets]
org.spongepowered.asm.mixin.injection.throwables.InvalidInjectionException: Critical injection failure: @Inject annotation on onMouseClicked could not find any targets matching 'Lnet/minecraft/class_433;method_25402(DDI)Z' in net/minecraft/class_433. Using refmap xmusic.client.mixins-refmap.json [INJECT_PREPARE_LEGACY Applicator Phase -> xmusic.client.mixins.json:PauseScreenMixin from mod xmusic -> Prepare Legacy Injections -> handler$bea000$xmusic$onMouseClicked(DDILorg/spongepowered/asm/mixin/injection/callback/CallbackInfo;)V -> Parse ->  -> Validate Targets]
	at org.spongepowered.asm.mixin.injection.selectors.TargetSelectors.validate(TargetSelectors.java:346) ~[sponge-mixin-0.17.2+mixin.0.8.7.jar:0.17.2+mixin.0.8.7]
	at org.spongepowered.asm.mixin.injection.struct.InjectionInfo.readAnnotation(InjectionInfo.java:369) ~[sponge-mixin-0.17.2+mixin.0.8.7.jar:0.17.2+mixin.0.8.7]
	at org.spongepowered.asm.mixin.injection.struct.InjectionInfo.<init>(InjectionInfo.java:340) ~[sponge-mixin-0.17.2+mixin.0.8.7.jar:0.17.2+mixin.0.8.7]
	at org.spongepowered.asm.mixin.injection.struct.InjectionInfo.<init>(InjectionInfo.java:331) ~[sponge-mixin-0.17.2+mixin.0.8.7.jar:0.17.2+mixin.0.8.7]
	at org.spongepowered.asm.mixin.injection.struct.CallbackInjectionInfo.<init>(CallbackInjectionInfo.java:48) ~[sponge-mixin-0.17.2+mixin.0.8.7.jar:0.17.2+mixin.0.8.7]
	at java.base/jdk.internal.reflect.DirectConstructorHandleAccessor.newInstance(DirectConstructorHandleAccessor.java:62) ~[?:?]
	at java.base/java.lang.reflect.Constructor.newInstanceWithCaller(Constructor.java:502) ~[?:?]
	at java.base/java.lang.reflect.Constructor.newInstance(Constructor.java:486) ~[?:?]
	at org.spongepowered.asm.mixin.injection.struct.InjectionInfo$InjectorEntry.create(InjectionInfo.java:196) ~[sponge-mixin-0.17.2+mixin.0.8.7.jar:0.17.2+mixin.0.8.7]
	at org.spongepowered.asm.mixin.injection.struct.InjectionInfo.parse(InjectionInfo.java:664) ~[sponge-mixin-0.17.2+mixin.0.8.7.jar:0.17.2+mixin.0.8.7]
	at org.spongepowered.asm.mixin.transformer.MixinTargetContext.prepareInjections(MixinTargetContext.java:1386) ~[sponge-mixin-0.17.2+mixin.0.8.7.jar:0.17.2+mixin.0.8.7]
	at org.spongepowered.asm.mixin.transformer.MixinApplicatorStandard.prepareInjections(MixinApplicatorStandard.java:811) ~[sponge-mixin-0.17.2+mixin.0.8.7.jar:0.17.2+mixin.0.8.7]
	at org.spongepowered.asm.mixin.transformer.MixinApplicatorStandard.lambda$runApplicatorPass$3(MixinApplicatorStandard.java:323) ~[sponge-mixin-0.17.2+mixin.0.8.7.jar:0.17.2+mixin.0.8.7]
	at org.spongepowered.asm.mixin.transformer.MixinApplicatorStandard.processMixins(MixinApplicatorStandard.java:381) ~[sponge-mixin-0.17.2+mixin.0.8.7.jar:0.17.2+mixin.0.8.7]
	at org.spongepowered.asm.mixin.transformer.MixinApplicatorStandard.runApplicatorPass(MixinApplicatorStandard.java:320) ~[sponge-mixin-0.17.2+mixin.0.8.7.jar:0.17.2+mixin.0.8.7]
	at org.spongepowered.asm.mixin.transformer.MixinApplicatorStandard.apply(MixinApplicatorStandard.java:240) ~[sponge-mixin-0.17.2+mixin.0.8.7.jar:0.17.2+mixin.0.8.7]
	at org.spongepowered.asm.mixin.transformer.TargetClassContext.apply(TargetClassContext.java:437) ~[sponge-mixin-0.17.2+mixin.0.8.7.jar:0.17.2+mixin.0.8.7]
	at org.spongepowered.asm.mixin.transformer.TargetClassContext.applyMixins(TargetClassContext.java:418) ~[sponge-mixin-0.17.2+mixin.0.8.7.jar:0.17.2+mixin.0.8.7]
	at org.spongepowered.asm.mixin.transformer.MixinProcessor.applyMixins(MixinProcessor.java:351) [sponge-mixin-0.17.2+mixin.0.8.7.jar:0.17.2+mixin.0.8.7]
	at org.spongepowered.asm.mixin.transformer.MixinTransformer.transformClass(MixinTransformer.java:237) [sponge-mixin-0.17.2+mixin.0.8.7.jar:0.17.2+mixin.0.8.7]
	at org.spongepowered.asm.mixin.transformer.MixinTransformer.transformClassBytes(MixinTransformer.java:202) [sponge-mixin-0.17.2+mixin.0.8.7.jar:0.17.2+mixin.0.8.7]
	at net.fabricmc.loader.impl.launch.knot.KnotClassDelegate.getPostMixinClassByteArray(KnotClassDelegate.java:435) [fabric-loader-0.19.2.jar:?]
	at net.fabricmc.loader.impl.launch.knot.KnotClassDelegate.tryLoadClass(KnotClassDelegate.java:336) [fabric-loader-0.19.2.jar:?]
	at net.fabricmc.loader.impl.launch.knot.KnotClassDelegate.loadClass(KnotClassDelegate.java:231) [fabric-loader-0.19.2.jar:?]
	at net.fabricmc.loader.impl.launch.knot.KnotClassLoader.loadClass(KnotClassLoader.java:119) [fabric-loader-0.19.2.jar:?]
	at java.base/java.lang.ClassLoader.loadClass(ClassLoader.java:526) [?:?]
	at knot/net.minecraft.client.main.Main.main(Main.java:258) [client-intermediary.jar:?]
	at net.fabricmc.loader.impl.game.minecraft.MinecraftGameProvider.launch(MinecraftGameProvider.java:514) [fabric-loader-0.19.2.jar:?]
	at net.fabricmc.loader.impl.launch.knot.Knot.launch(Knot.java:72) [fabric-loader-0.19.2.jar:?]
	at net.fabricmc.loader.impl.launch.knot.KnotClient.main(KnotClient.java:23) [fabric-loader-0.19.2.jar:?]
	at org.prismlauncher.launcher.impl.StandardLauncher.launch(StandardLauncher.java:115) [NewLaunch.jar:?]
	at org.prismlauncher.EntryPoint.listen(EntryPoint.java:129) [NewLaunch.jar:?]
	at org.prismlauncher.EntryPoint.main(EntryPoint.java:70) [NewLaunch.jar:?]
[05:00:43] [Render thread/ERROR]: Minecraft has crashed!
net.fabricmc.loader.impl.FormattedException: java.lang.RuntimeException: Mixin transformation of net.minecraft.class_433 failed
	at net.fabricmc.loader.impl.FormattedException.ofLocalized(FormattedException.java:63) ~[fabric-loader-0.19.2.jar:?]
	at net.fabricmc.loader.impl.game.minecraft.MinecraftGameProvider.launch(MinecraftGameProvider.java:516) ~[fabric-loader-0.19.2.jar:?]
	at net.fabricmc.loader.impl.launch.knot.Knot.launch(Knot.java:72) [fabric-loader-0.19.2.jar:?]
	at net.fabricmc.loader.impl.launch.knot.KnotClient.main(KnotClient.java:23) [fabric-loader-0.19.2.jar:?]
	at org.prismlauncher.launcher.impl.StandardLauncher.launch(StandardLauncher.java:115) [NewLaunch.jar:?]
	at org.prismlauncher.EntryPoint.listen(EntryPoint.java:129) [NewLaunch.jar:?]
	at org.prismlauncher.EntryPoint.main(EntryPoint.java:70) [NewLaunch.jar:?]
Caused by: java.lang.RuntimeException: Mixin transformation of net.minecraft.class_433 failed
	at net.fabricmc.loader.impl.launch.knot.KnotClassDelegate.getPostMixinClassByteArray(KnotClassDelegate.java:440) ~[fabric-loader-0.19.2.jar:?]
	at net.fabricmc.loader.impl.launch.knot.KnotClassDelegate.tryLoadClass(KnotClassDelegate.java:336) ~[fabric-loader-0.19.2.jar:?]
	at net.fabricmc.loader.impl.launch.knot.KnotClassDelegate.loadClass(KnotClassDelegate.java:231) ~[fabric-loader-0.19.2.jar:?]
	at net.fabricmc.loader.impl.launch.knot.KnotClassLoader.loadClass(KnotClassLoader.java:119) ~[fabric-loader-0.19.2.jar:?]
	at java.base/java.lang.ClassLoader.loadClass(ClassLoader.java:526) ~[?:?]
	at knot/net.minecraft.client.main.Main.main(Main.java:258) ~[minecraft-1.21.5-client.jar:?]
	at net.fabricmc.loader.impl.game.minecraft.MinecraftGameProvider.launch(MinecraftGameProvider.java:514) ~[fabric-loader-0.19.2.jar:?]
	... 5 more
Caused by: org.spongepowered.asm.mixin.transformer.throwables.MixinTransformerError: An unexpected critical error was encountered
	at org.spongepowered.asm.mixin.transformer.MixinProcessor.applyMixins(MixinProcessor.java:380) ~[sponge-mixin-0.17.2+mixin.0.8.7.jar:0.17.2+mixin.0.8.7]
	at org.spongepowered.asm.mixin.transformer.MixinTransformer.transformClass(MixinTransformer.java:237) ~[sponge-mixin-0.17.2+mixin.0.8.7.jar:0.17.2+mixin.0.8.7]
	at org.spongepowered.asm.mixin.transformer.MixinTransformer.transformClassBytes(MixinTransformer.java:202) ~[sponge-mixin-0.17.2+mixin.0.8.7.jar:0.17.2+mixin.0.8.7]
	at net.fabricmc.loader.impl.launch.knot.KnotClassDelegate.getPostMixinClassByteArray(KnotClassDelegate.java:435) ~[fabric-loader-0.19.2.jar:?]
	at net.fabricmc.loader.impl.launch.knot.KnotClassDelegate.tryLoadClass(KnotClassDelegate.java:336) ~[fabric-loader-0.19.2.jar:?]
	at net.fabricmc.loader.impl.launch.knot.KnotClassDelegate.loadClass(KnotClassDelegate.java:231) ~[fabric-loader-0.19.2.jar:?]
	at net.fabricmc.loader.impl.launch.knot.KnotClassLoader.loadClass(KnotClassLoader.java:119) ~[fabric-loader-0.19.2.jar:?]
	at java.base/java.lang.ClassLoader.loadClass(ClassLoader.java:526) ~[?:?]
	at knot/net.minecraft.client.main.Main.main(Main.java:258) ~[minecraft-1.21.5-client.jar:?]
	at net.fabricmc.loader.impl.game.minecraft.MinecraftGameProvider.launch(MinecraftGameProvider.java:514) ~[fabric-loader-0.19.2.jar:?]
	... 5 more
Caused by: org.spongepowered.asm.mixin.throwables.MixinApplyError: Mixin [xmusic.client.mixins.json:PauseScreenMixin from mod xmusic] from phase [DEFAULT] in config [xmusic.client.mixins.json] FAILED during APPLY
	at org.spongepowered.asm.mixin.transformer.MixinProcessor.handleMixinError(MixinProcessor.java:685) ~[sponge-mixin-0.17.2+mixin.0.8.7.jar:0.17.2+mixin.0.8.7]
	at org.spongepowered.asm.mixin.transformer.MixinProcessor.handleMixinApplyError(MixinProcessor.java:636) ~[sponge-mixin-0.17.2+mixin.0.8.7.jar:0.17.2+mixin.0.8.7]
	at org.spongepowered.asm.mixin.transformer.MixinProcessor.applyMixins(MixinProcessor.java:367) ~[sponge-mixin-0.17.2+mixin.0.8.7.jar:0.17.2+mixin.0.8.7]
	at org.spongepowered.asm.mixin.transformer.MixinTransformer.transformClass(MixinTransformer.java:237) ~[sponge-mixin-0.17.2+mixin.0.8.7.jar:0.17.2+mixin.0.8.7]
	at org.spongepowered.asm.mixin.transformer.MixinTransformer.transformClassBytes(MixinTransformer.java:202) ~[sponge-mixin-0.17.2+mixin.0.8.7.jar:0.17.2+mixin.0.8.7]
	at net.fabricmc.loader.impl.launch.knot.KnotClassDelegate.getPostMixinClassByteArray(KnotClassDelegate.java:435) ~[fabric-loader-0.19.2.jar:?]
	at net.fabricmc.loader.impl.launch.knot.KnotClassDelegate.tryLoadClass(KnotClassDelegate.java:336) ~[fabric-loader-0.19.2.jar:?]
	at net.fabricmc.loader.impl.launch.knot.KnotClassDelegate.loadClass(KnotClassDelegate.java:231) ~[fabric-loader-0.19.2.jar:?]
	at net.fabricmc.loader.impl.launch.knot.KnotClassLoader.loadClass(KnotClassLoader.java:119) ~[fabric-loader-0.19.2.jar:?]
	at java.base/java.lang.ClassLoader.loadClass(ClassLoader.java:526) ~[?:?]
	at knot/net.minecraft.client.main.Main.main(Main.java:258) ~[minecraft-1.21.5-client.jar:?]
	at net.fabricmc.loader.impl.game.minecraft.MinecraftGameProvider.launch(MinecraftGameProvider.java:514) ~[fabric-loader-0.19.2.jar:?]
	... 5 more
Caused by: org.spongepowered.asm.mixin.injection.throwables.InvalidInjectionException: Critical injection failure: @Inject annotation on onMouseClicked could not find any targets matching 'Lnet/minecraft/class_433;method_25402(DDI)Z' in net/minecraft/class_433. Using refmap xmusic.client.mixins-refmap.json [INJECT_PREPARE_LEGACY Applicator Phase -> xmusic.client.mixins.json:PauseScreenMixin from mod xmusic -> Prepare Legacy Injections -> handler$bea000$xmusic$onMouseClicked(DDILorg/spongepowered/asm/mixin/injection/callback/CallbackInfo;)V -> Parse ->  -> Validate Targets]
	at org.spongepowered.asm.mixin.injection.selectors.TargetSelectors.validate(TargetSelectors.java:346) ~[sponge-mixin-0.17.2+mixin.0.8.7.jar:0.17.2+mixin.0.8.7]
	at org.spongepowered.asm.mixin.injection.struct.InjectionInfo.readAnnotation(InjectionInfo.java:369) ~[sponge-mixin-0.17.2+mixin.0.8.7.jar:0.17.2+mixin.0.8.7]
	at org.spongepowered.asm.mixin.injection.struct.InjectionInfo.<init>(InjectionInfo.java:340) ~[sponge-mixin-0.17.2+mixin.0.8.7.jar:0.17.2+mixin.0.8.7]
	at org.spongepowered.asm.mixin.injection.struct.InjectionInfo.<init>(InjectionInfo.java:331) ~[sponge-mixin-0.17.2+mixin.0.8.7.jar:0.17.2+mixin.0.8.7]
	at org.spongepowered.asm.mixin.injection.struct.CallbackInjectionInfo.<init>(CallbackInjectionInfo.java:48) ~[sponge-mixin-0.17.2+mixin.0.8.7.jar:0.17.2+mixin.0.8.7]
	at java.base/jdk.internal.reflect.DirectConstructorHandleAccessor.newInstance(DirectConstructorHandleAccessor.java:62) ~[?:?]
	at java.base/java.lang.reflect.Constructor.newInstanceWithCaller(Constructor.java:502) ~[?:?]
	at java.base/java.lang.reflect.Constructor.newInstance(Constructor.java:486) ~[?:?]
	at org.spongepowered.asm.mixin.injection.struct.InjectionInfo$InjectorEntry.create(InjectionInfo.java:196) ~[sponge-mixin-0.17.2+mixin.0.8.7.jar:0.17.2+mixin.0.8.7]
	at org.spongepowered.asm.mixin.injection.struct.InjectionInfo.parse(InjectionInfo.java:664) ~[sponge-mixin-0.17.2+mixin.0.8.7.jar:0.17.2+mixin.0.8.7]
	at org.spongepowered.asm.mixin.transformer.MixinTargetContext.prepareInjections(MixinTargetContext.java:1386) ~[sponge-mixin-0.17.2+mixin.0.8.7.jar:0.17.2+mixin.0.8.7]
	at org.spongepowered.asm.mixin.transformer.MixinApplicatorStandard.prepareInjections(MixinApplicatorStandard.java:811) ~[sponge-mixin-0.17.2+mixin.0.8.7.jar:0.17.2+mixin.0.8.7]
	at org.spongepowered.asm.mixin.transformer.MixinApplicatorStandard.lambda$runApplicatorPass$3(MixinApplicatorStandard.java:323) ~[sponge-mixin-0.17.2+mixin.0.8.7.jar:0.17.2+mixin.0.8.7]
	at org.spongepowered.asm.mixin.transformer.MixinApplicatorStandard.processMixins(MixinApplicatorStandard.java:381) ~[sponge-mixin-0.17.2+mixin.0.8.7.jar:0.17.2+mixin.0.8.7]
	at org.spongepowered.asm.mixin.transformer.MixinApplicatorStandard.runApplicatorPass(MixinApplicatorStandard.java:320) ~[sponge-mixin-0.17.2+mixin.0.8.7.jar:0.17.2+mixin.0.8.7]
	at org.spongepowered.asm.mixin.transformer.MixinApplicatorStandard.apply(MixinApplicatorStandard.java:240) ~[sponge-mixin-0.17.2+mixin.0.8.7.jar:0.17.2+mixin.0.8.7]
	at org.spongepowered.asm.mixin.transformer.TargetClassContext.apply(TargetClassContext.java:437) ~[sponge-mixin-0.17.2+mixin.0.8.7.jar:0.17.2+mixin.0.8.7]
	at org.spongepowered.asm.mixin.transformer.TargetClassContext.applyMixins(TargetClassContext.java:418) ~[sponge-mixin-0.17.2+mixin.0.8.7.jar:0.17.2+mixin.0.8.7]
	at org.spongepowered.asm.mixin.transformer.MixinProcessor.applyMixins(MixinProcessor.java:351) ~[sponge-mixin-0.17.2+mixin.0.8.7.jar:0.17.2+mixin.0.8.7]
	at org.spongepowered.asm.mixin.transformer.MixinTransformer.transformClass(MixinTransformer.java:237) ~[sponge-mixin-0.17.2+mixin.0.8.7.jar:0.17.2+mixin.0.8.7]
	at org.spongepowered.asm.mixin.transformer.MixinTransformer.transformClassBytes(MixinTransformer.java:202) ~[sponge-mixin-0.17.2+mixin.0.8.7.jar:0.17.2+mixin.0.8.7]
	at net.fabricmc.loader.impl.launch.knot.KnotClassDelegate.getPostMixinClassByteArray(KnotClassDelegate.java:435) ~[fabric-loader-0.19.2.jar:?]
	at net.fabricmc.loader.impl.launch.knot.KnotClassDelegate.tryLoadClass(KnotClassDelegate.java:336) ~[fabric-loader-0.19.2.jar:?]
	at net.fabricmc.loader.impl.launch.knot.KnotClassDelegate.loadClass(KnotClassDelegate.java:231) ~[fabric-loader-0.19.2.jar:?]
	at net.fabricmc.loader.impl.launch.knot.KnotClassLoader.loadClass(KnotClassLoader.java:119) ~[fabric-loader-0.19.2.jar:?]
	at java.base/java.lang.ClassLoader.loadClass(ClassLoader.java:526) ~[?:?]
	at knot/net.minecraft.client.main.Main.main(Main.java:258) ~[minecraft-1.21.5-client.jar:?]
	at net.fabricmc.loader.impl.game.minecraft.MinecraftGameProvider.launch(MinecraftGameProvider.java:514) ~[fabric-loader-0.19.2.jar:?]
	... 5 more
Process exited with code 1.
Clipboard copy at: 07 May 2026 05:00:48 -0700
